{
  "entities": [
    {
      "angleLength": 16.1753424487693,
      "center": {
        "x": 650.0541823996996,
        "y": 347.5909732684974,
        "z": 0
      },
      "color": 0,
      "colorIndex": 0,
      "endAngle": 355.0752244008874,
      "extrusionDirection": {
        "x": 0,
        "y": 0,
        "z": -1
      },
      "handle": "B484",
      "layer": "FG-Dtl-Dim",
      "lineType": "ByBlock",
      "lineweight": -2,
      "ownerHandle": "3706",
      "radius": 0.7604262403327394,
      "startAngle": 338.8998819521181,
      "type": "ARC"
    }
  ]
}
