{
  "entities": [
    {
      "closed": true,
      "controlPointTolerance": 1e-10,
      "controlPoints": [
        {
          "weight": 1,
          "x": 233.6663114494559,
          "y": 180.0700474977344,
          "z": 0
        },
        {
          "weight": 0.7071067811865476,
          "x": 233.6663114494559,
          "y": 212.3902435891571,
          "z": 0
        },
        {
          "weight": 1,
          "x": 201.3461153580332,
          "y": 212.390243589157,
          "z": 0
        },
        {
          "weight": 0.7071067811865476,
          "x": 169.0259192666106,
          "y": 212.3902435891571,
          "z": 0
        },
        {
          "weight": 1,
          "x": 169.0259192666106,
          "y": 180.0700474977344,
          "z": 0
        },
        {
          "weight": 0.7071067811865476,
          "x": 169.0259192666106,
          "y": 147.7498514063117,
          "z": 0
        },
        {
          "weight": 1,
          "x": 201.3461153580332,
          "y": 147.7498514063117,
          "z": 0
        },
        {
          "weight": 0.7071067811865476,
          "x": 233.6663114494559,
          "y": 147.7498514063117,
          "z": 0
        },
        {
          "weight": 1,
          "x": 233.6663114494559,
          "y": 180.0700474977344,
          "z": 0
        }
      ],
      "degreeOfSplineCurve": 2,
      "handle": "6E",
      "knotTolerance": 1e-9,
      "knotValues": [
        0,
        0,
        0,
        17.27875959474386,
        17.27875959474386,
        34.55751918948772,
        34.55751918948772,
        51.83627878423158,
        51.83627878423158,
        69.11503837897544,
        69.11503837897544,
        69.11503837897544
      ],
      "linear": false,
      "normalVector": {
        "x": 0,
        "y": 0,
        "z": 1
      },
      "numberOfControlPoints": 9,
      "numberOfFitPoints": 0,
      "numberOfKnots": 12,
      "ownerHandle": "1F",
      "periodic": true,
      "planar": true,
      "rational": true,
      "standardFlags": 15,
      "type": "SPLINE"
    },
    {
      "closed": true,
      "controlPointTolerance": 1e-10,
      "controlPoints": [
        {
          "weight": 1,
          "x": 208.6916144697202,
          "y": 243.2413398582423,
          "z": 0
        },
        {
          "weight": 0.7071067811865476,
          "x": 208.6916144697202,
          "y": 250.5868389699293,
          "z": 0
        },
        {
          "weight": 1,
          "x": 201.3461153580332,
          "y": 250.5868389699293,
          "z": 0
        },
        {
          "weight": 0.7071067811865476,
          "x": 194.0006162463463,
          "y": 250.5868389699293,
          "z": 0
        },
        {
          "weight": 1,
          "x": 194.0006162463463,
          "y": 243.2413398582423,
          "z": 0
        },
        {
          "weight": 0.7071067811865476,
          "x": 194.0006162463463,
          "y": 235.8958407465554,
          "z": 0
        },
        {
          "weight": 1,
          "x": 201.3461153580332,
          "y": 235.8958407465553,
          "z": 0
        },
        {
          "weight": 0.7071067811865476,
          "x": 208.6916144697202,
          "y": 235.8958407465554,
          "z": 0
        },
        {
          "weight": 1,
          "x": 208.6916144697202,
          "y": 243.2413398582423,
          "z": 0
        }
      ],
      "degreeOfSplineCurve": 2,
      "handle": "6F",
      "knotTolerance": 1e-9,
      "knotValues": [
        0,
        0,
        0,
        3.926990816987241,
        3.926990816987241,
        7.853981633974483,
        7.853981633974483,
        11.78097245096172,
        11.78097245096172,
        15.70796326794897,
        15.70796326794897,
        15.70796326794897
      ],
      "linear": false,
      "normalVector": {
        "x": 0,
        "y": 0,
        "z": 1
      },
      "numberOfControlPoints": 9,
      "numberOfFitPoints": 0,
      "numberOfKnots": 12,
      "ownerHandle": "1F",
      "periodic": true,
      "planar": true,
      "rational": true,
      "standardFlags": 15,
      "type": "SPLINE"
    },
    {
      "closed": false,
      "controlPointTolerance": 1e-10,
      "controlPoints": [
        {
          "weight": 1,
          "x": 280.7529837541637,
          "y": 303.6705820088653,
          "z": 0
        },
        {
          "weight": 0.9841380061121457,
          "x": 258.47226626445,
          "y": 317.9847757821756,
          "z": 0
        },
        {
          "weight": 1,
          "x": 232.5957563534457,
          "y": 323.6179587245282,
          "z": 0
        }
      ],
      "degreeOfSplineCurve": 2,
      "handle": "73",
      "knotTolerance": 1e-9,
      "knotValues": [
        0,
        0,
        0,
        17.83485687076171,
        17.83485687076171,
        17.83485687076171
      ],
      "linear": false,
      "normalVector": {
        "x": 0,
        "y": 0,
        "z": 1
      },
      "numberOfControlPoints": 3,
      "numberOfFitPoints": 0,
      "numberOfKnots": 6,
      "ownerHandle": "1F",
      "periodic": false,
      "planar": true,
      "rational": true,
      "standardFlags": 12,
      "type": "SPLINE"
    }
  ]
}
