{
  "handle": "2",
  "applicationGroups": {
    "ACAD_XDICTIONARY": {
      "360": "18E"
    }
  },
  "ownerHandle": "0",
  "maxEntities": 4,
  "layers": {
    "0": {
      "handle": "10",
      "applicationGroups": {
        "ACAD_XDICTIONARY": {
          "360": "E6"
        }
      },
      "ownerHandle": "2",
      "name": "0",
      "frozen": false,
      "standardFlags": 0,
      "visible": true,
      "colorIndex": 7,
      "color": 16777215,
      "lineType": "Continuous",
      "lineWeight": -3,
      "plotStyleName": "F",
      "materialObject": "98",
      "visualStyle": "0"
    },
    "Layer 1": {
      "handle": "1BD",
      "ownerHandle": "2",
      "name": "Layer 1",
      "frozen": true,
      "standardFlags": 5,
      "visible": true,
      "colorIndex": 7,
      "color": 16777215,
      "lineType": "Continuous",
      "lineWeight": -3,
      "plotStyleName": "F",
      "materialObject": "98",
      "visualStyle": "0"
    }
  }
}
